// Jest Snapshot v1, https://goo.gl/fbAQLP

exports[`Header matches the snapshot 1`] = `
.c3 {
  display: -webkit-box;
  display: -webkit-flex;
  display: -ms-flexbox;
  display: flex;
  position: relative;
  -webkit-align-items: center;
  -webkit-box-align: center;
  -ms-flex-align: center;
  align-items: center;
  z-index: 0;
  padding: 0 15px;
  background-color: #ffffff;
  -webkit-flex-wrap: nowrap;
  -ms-flex-wrap: nowrap;
  flex-wrap: nowrap;
  height: 100%;
  margin: 0 auto;
  max-width: 1570px;
}

.c3:after {
  content: '';
  display: block;
  min-height: inherit;
  font-size: 0;
}

.c9 {
  color: #004699;
  display: inline-block;
  margin-top: 0;
  margin-right: 0;
  margin-bottom: 0;
  margin-left: 0;
  font-family: inherit;
  font-weight: 300;
  font-size: 1rem;
  -webkit-letter-spacing: -0.01562em;
  -moz-letter-spacing: -0.01562em;
  -ms-letter-spacing: -0.01562em;
  letter-spacing: -0.01562em;
  line-height: 1;
  font-style: normal;
  font-stretch: normal;
  -webkit-letter-spacing: normal;
  -moz-letter-spacing: normal;
  -ms-letter-spacing: normal;
  letter-spacing: normal;
  margin: 0px;
  display: -webkit-inline-box;
  display: -webkit-inline-flex;
  display: -ms-inline-flexbox;
  display: inline-flex;
  color: #000;
  -webkit-text-decoration: none;
  text-decoration: none;
}

.c9:focus {
  outline: none;
  background-color: #FEC813;
}

.c9:hover {
  color: #ec0000;
}

.c9:hover {
  color: inherit;
}

.c11 {
  display: -webkit-box;
  display: -webkit-flex;
  display: -ms-flexbox;
  display: flex;
  -webkit-align-items: center;
  -webkit-box-align: center;
  -ms-flex-align: center;
  align-items: center;
  height: 100%;
}

.c7 {
  display: block;
  height: 100%;
  width: 100%;
  background-size: cover;
  background-image: url("img");
}

.c6 {
  display: inline-block;
  height: 30px;
  width: 68px;
}

.c6:focus {
  outline-color: #FEC813;
  outline-style: solid;
  outline-width: 3px;
}

.c4 {
  height: 50px;
  margin: 0;
  font-family: 'AvenirNextLTW01-Demi',sans-serif;
  font-weight: bold;
  display: -webkit-box;
  display: -webkit-flex;
  display: -ms-flexbox;
  display: flex;
  -webkit-box-pack: normal;
  -webkit-justify-content: normal;
  -ms-flex-pack: normal;
  justify-content: normal;
  -webkit-align-items: center;
  -webkit-box-align: center;
  -ms-flex-align: center;
  align-items: center;
  -webkit-flex-shrink: 0;
  -ms-flex-negative: 0;
  flex-shrink: 0;
}

.c4 .c5 {
  margin-right: 10px;
}

.c1 {
  background-color: #ffffff;
  margin: 0 auto;
  width: 100%;
  max-width: 1800px;
  box-shadow: 0 4px rgba(0,0,0,0.04);
  position: fixed;
  left: 50%;
  -webkit-transform: translateX(-50%);
  -ms-transform: translateX(-50%);
  transform: translateX(-50%);
}

.c1 .c10 {
  -webkit-box-flex: 1;
  -webkit-flex-grow: 1;
  -ms-flex-positive: 1;
  flex-grow: 1;
  margin-left: 15px;
}

.c1 .c8 {
  margin-top: -2px;
}

.c2 {
  max-width: 1080px;
  margin: 0 auto;
}

.c2 a {
  line-height: normal;
}

.c2 h1 {
  padding: 0 !important;
}

.c2 h1 a {
  font-weight: normal !important;
}

.c0 {
  position: relative;
  z-index: 2;
}

.c12 {
  position: absolute;
  top: 5px;
  right: 20px;
  z-index: 101;
}

.c12 button {
  -webkit-appearance: none;
  -moz-appearance: none;
  appearance: none;
  background: none;
  border: 0;
  cursor: pointer;
}

.c12 button > * {
  vertical-align: middle;
  margin-right: 5px;
}

.c12 button:hover,
.c12 button:focus {
  color: #ec0000;
  -webkit-text-decoration: underline;
  text-decoration: underline;
}

.c12 button:hover svg,
.c12 button:focus svg {
  fill: #ec0000;
}

@media screen and (max-width:375px) {
  .c9 {
    font-size: 14px;
  }
}

@media screen and (min-width:375.02px) {
  .c9 {
    font-size: 16px;
  }
}

@media screen and (min-width:1200.02px) {
  .c4 .c5 {
    margin-right: 40px;
  }
}

@media (min-width:1200px) {
  .c0 {
    z-index: 0;
  }
}

@media screen and (-ms-high-contrast:active),(-ms-high-contrast:none) {
  .c12 button {
    height: 30px;
  }
}

@media (max-width:720px) {
  .c12 {
    right: 0;
  }

  .c12 .login-adw,
  .c12 span {
    display: none;
  }
}

<div>
  <div
    class="c0"
    data-testid="site-header"
  >
    <div
      class="c1"
    >
      <header
        class="c2 c3"
      >
        <h1
          class="c4"
        >
          <a
            class="c5 c6"
            href="https://localhost:8080/"
          >
            <span
              class="c7"
            />
          </a>
          <a
            class="c8 c9"
            href="https://localhost:8080/"
          >
            Registraties
          </a>
        </h1>
        <div
          class="c10 c11"
        >
          <nav
            class="no-print c12"
          >
            <ul
              class="links horizontal"
            >
              <li>
                <button
                  class="login"
                  type="button"
                >
                  <img
                    focusable="false"
                    width="20"
                  />
                  <span>
                    Inloggen
                  </span>
                </button>
              </li>
            </ul>
          </nav>
        </div>
      </header>
    </div>
  </div>
</div>
`;

exports[`Header matches the snapshot 2`] = `
<div>
  <div
    class="Header__HeaderWrapper-sc-15eqjjx-1 eSRqiv"
    data-testid="site-header"
  >
    <div
      class="sc-eNQAEJ kzohCa"
    >
      <header
        class="sc-bxivhb Header__StyledHeader-sc-15eqjjx-0 egtpxo sc-chPdSV jRGPtO"
      >
        <h1
          class="sc-jKJlTe eUAGBL"
        >
          <a
            class="sc-ckVGcZ bkTCZv"
            href="https://localhost:8080/"
          >
            <span
              class="sc-dxgOiQ kyqLhc"
            />
          </a>
          <a
            class="sc-kgoBCf sc-kGXeez ciQiUp"
            href="https://localhost:8080/"
          >
            Registraties
          </a>
        </h1>
        <div
          class="sc-kpOJdX eKiqBq"
        >
          <nav
            class="no-print Header__StyledNav-sc-15eqjjx-2 jTrQPp"
          >
            <ul
              class="links horizontal"
            >
              <li>
                <button
                  type="button"
                >
                  <img
                    focusable="false"
                    width="20"
                  />
                  <span>
                    Uitloggen
                  </span>
                </button>
              </li>
            </ul>
          </nav>
        </div>
      </header>
    </div>
  </div>
</div>
`;
